// Jest Snapshot v1, https://goo.gl/fbAQLP

exports[`Hooks 1`] = `
<div>
  <div>
    Hello! 
  </div>
</div>
`;
