// Jest Snapshot v1, https://goo.gl/fbAQLP

exports[`Utils 1`] = `
<div>
  <div>
    hello ims-view-pc!
  </div>
</div>
`;
